error: unexpected end of macro invocation
 --> tests/trybuild/indices_ordered/needs_to_provide_indices.rs:6:40
  |
6 |     let result = indices_ordered!(slice);
  |                                        ^ missing tokens in macro arguments
  |
note: while trying to match `,`
 --> src/lib.rs
  |
  |     ($slice:expr, $( $index:expr ),+) => {{
  |                 ^
