error[E0515]: cannot return value referencing local variable `data`
  --> tests/trybuild/try_indices/cannot_return_local_data.rs:15:5
   |
13 |     let slice = data.as_mut_slice();
   |                 ---- `data` is borrowed here
14 |     let (four,) = try_indices!(slice, 4)?;
15 |     Ok(four)
   |     ^^^^^^^^ returns a value referencing data owned by the current function

error[E0515]: cannot return value referencing local variable `data`
  --> tests/trybuild/try_indices/cannot_return_local_data.rs:22:5
   |
20 |     let slice = data.as_mut_slice();
   |                 ---- `data` is borrowed here
21 |     let (one, four) = try_indices!(slice, 1, 4)?;
22 |     Ok((one, four))
   |     ^^^^^^^^^^^^^^^ returns a value referencing data owned by the current function

error[E0515]: cannot return value referencing local variable `data`
  --> tests/trybuild/try_indices/cannot_return_local_data.rs:29:5
   |
27 |     let slice = data.as_mut_slice();
   |                 ---- `data` is borrowed here
28 |     let (one, _two, _three) = try_indices!(slice, 1, 2, 3)?;
29 |     Ok(one)
   |     ^^^^^^^ returns a value referencing data owned by the current function

error[E0515]: cannot return value referencing local variable `data`
  --> tests/trybuild/try_indices/cannot_return_local_data.rs:36:5
   |
34 |     let slice = data.as_mut_slice();
   |                 ---- `data` is borrowed here
35 |     let (one, two, three, four) = try_indices!(slice, 1, 2, 3, 4)?;
36 |     Ok((one, two, three, four))
   |     ^^^^^^^^^^^^^^^^^^^^^^^^^^^ returns a value referencing data owned by the current function

error[E0515]: cannot return value referencing local variable `data`
  --> tests/trybuild/try_indices/cannot_return_local_data.rs:43:5
   |
41 |     let slice = data.as_mut_slice();
   |                 ---- `data` is borrowed here
42 |     let (zero, one, two, three, four) = try_indices!(slice, 0, 1, 2, 3, 4)?;
43 |     Ok((zero, one, two, three, four))
   |     ^^^^^^^^^^^^^^^^^^^^^^^^^^^^^^^^^ returns a value referencing data owned by the current function
